// Jest Snapshot v1, https://goo.gl/fbAQLP

exports[`HomeHero should render the HomeHero component 1`] = `
<DocumentFragment>
  <div
    class="relative mb-14 h-homehero md:h-homeheroxl"
    style="background-image: url(/foo.png); background-position: center center; background-size: cover; background-repeat: no-repeat;"
  >
    <h1
      class="absolute bottom-0 mb-16 ml-6 md:max-w-lg text-h1 md:text-h1xl lg:text-h1xl text-white md:ms-12 ifu-hero-home__title text-shadow-home md:min-w-md"
    >
      test
    </h1>
  </div>
</DocumentFragment>
`;
