// Jest Snapshot v1, https://goo.gl/fbAQLP

exports[`Block should render the given HTML inside a Block 1`] = `
<DocumentFragment>
  <div
    class="ifu-block__html full_html tester ifu-block--article"
  >
    <p
      class="mb-6"
    >
      Paragraph content
      <a
        class="ifu-text-link font-bold"
        href="http://link.ki/fi"
      >
        linkki
      </a>
    </p>
  </div>
</DocumentFragment>
`;
