// Jest Snapshot v1, https://goo.gl/fbAQLP

exports[`IngressBlock should render the given HTML inside a Block 1`] = `
<DocumentFragment>
  <div
    class="ifu-article__ingress ifu-block--article"
  >
    Alkukartoituksessa arvioidaan, mitkä palvelut auttavat sinua kotoutumaan.
  </div>
</DocumentFragment>
`;
